<html>
<body>
<pre>
<h1>礦ision Build Log</h1>
<h2>Tool Versions:</h2>
IDE-Version: μVision V5.14.0.0
Copyright (C) 2015 ARM Ltd and ARM Germany GmbH. All rights reserved.
License Information: mm mm, mm, LIC=NHYKP-MLMT0-BXLUY-I5TJ1-4AUNV-ZJD13
 
Tool Versions:
Toolchain:       MDK-ARM Professional  Version: 5.14.0.0
Toolchain Path:  C:\Keil_v5\ARM\ARMCC\Bin
C Compiler:      Armcc.exe V5.05 update 1 (build 106)
Assembler:       Armasm.exe V5.05 update 1 (build 106)
Linker/Locator:  ArmLink.exe V5.05 update 1 (build 106)
Library Manager: ArmAr.exe V5.05 update 1 (build 106)
Hex Converter:   FromElf.exe V5.05 update 1 (build 106)
CPU DLL:         SARMCM3.DLL V5.14.0.0
Dialog DLL:      DARMSTM.DLL V1.65.0.0
Target DLL:      STLink\ST-LINKIII-KEIL_SWO.dll V2.0.18.0
Dialog DLL:      TARMSTM.DLL V1.64.0.0
 
<h2>Project:</h2>
D:\A盘原子\RFM300H\LowPower\SlaverOfSmart171216_FSK_LWP-new_hardware\USER\DistBox.uvprojx
Project File Date:  05/10/2018

<h2>Output:</h2>
Build target 'Target 1'
compiling IRorRF.c...
linking...
Program Size: Code=18384 RO-data=460 RW-data=884 ZI-data=3732  
FromELF: creating hex file...
".\OBJ\DistBox.axf" - 0 Error(s), 0 Warning(s).

<h2>Collection of Component include folders:</h2>
  D:\A盘原子\RFM300H\LowPower\SlaverOfSmart171216_FSK_LWP-new_hardware\USER\RTE
  C:\Keil_v5\ARM\PACK\Keil\STM32F1xx_DFP\2.2.0

<h2>Collection of Component Files used:</h2>
</pre>
</body>
</html>
